◇ injected env (0) from .env // tip: ⌘ suppress logs { quiet: true }
☁️ Supabase credentials not found. Running with local database only.
CREATE TABLE IF NOT EXISTS guest_fingerprints (
      fingerprint_hash TEXT PRIMARY KEY,
      visits INTEGER DEFAULT 0,
      last_visit DATETIME DEFAULT CURRENT_TIMESTAMP
    )
  
CREATE TABLE IF NOT EXISTS users (
      id INTEGER PRIMARY KEY AUTOINCREMENT,
      username TEXT NOT NULL UNIQUE,
      password_hash TEXT NOT NULL,
      created_at DATETIME DEFAULT CURRENT_TIMESTAMP
    )
  
CREATE TABLE IF NOT EXISTS movies (
      id INTEGER PRIMARY KEY AUTOINCREMENT,
      title TEXT NOT NULL,
      original_title TEXT,
      year INTEGER,
      link TEXT,
      rating REAL,
      description TEXT,
      poster_url TEXT,
      genres TEXT,
      actors TEXT,
      director TEXT,
      writers TEXT,
      country TEXT,
      duration TEXT,
      voice_acting TEXT,
      source_collection_name TEXT,
      source_collection_token TEXT,
      source_user_name TEXT,
      type TEXT DEFAULT 'movie',
      status TEXT DEFAULT 'want_to_watch',
      created_at DATETIME DEFAULT CURRENT_TIMESTAMP,
      deleted_at DATETIME DEFAULT NULL,
      user_id INTEGER,
      FOREIGN KEY (user_id) REFERENCES users (id) ON DELETE CASCADE
    )
  
CREATE TABLE IF NOT EXISTS collections (
      id INTEGER PRIMARY KEY AUTOINCREMENT,
      title TEXT NOT NULL,
      description TEXT,
      created_at DATETIME DEFAULT CURRENT_TIMESTAMP,
      user_id INTEGER,
      share_token TEXT,
      FOREIGN KEY (user_id) REFERENCES users (id) ON DELETE CASCADE
    )
  
CREATE TABLE IF NOT EXISTS collection_movies (
      collection_id INTEGER,
      movie_id INTEGER,
      PRIMARY KEY (collection_id, movie_id),
      FOREIGN KEY (collection_id) REFERENCES collections (id) ON DELETE CASCADE,
      FOREIGN KEY (movie_id) REFERENCES movies (id) ON DELETE CASCADE
    )
  
CREATE TABLE IF NOT EXISTS shared_collections (
      collection_id INTEGER,
      sender_id INTEGER,
      recipient_id INTEGER,
      created_at DATETIME DEFAULT CURRENT_TIMESTAMP,
      PRIMARY KEY (collection_id, recipient_id),
      FOREIGN KEY (collection_id) REFERENCES collections (id) ON DELETE CASCADE,
      FOREIGN KEY (sender_id) REFERENCES users (id) ON DELETE CASCADE,
      FOREIGN KEY (recipient_id) REFERENCES users (id) ON DELETE CASCADE
    )
  
CREATE TABLE IF NOT EXISTS movie_reviews (
      id INTEGER PRIMARY KEY AUTOINCREMENT,
      user_id INTEGER NOT NULL,
      username TEXT NOT NULL,
      movie_link TEXT NOT NULL,
      content TEXT NOT NULL,
      created_at DATETIME DEFAULT CURRENT_TIMESTAMP,
      FOREIGN KEY (user_id) REFERENCES users (id) ON DELETE CASCADE
    )
  
CREATE INDEX IF NOT EXISTS idx_reviews_movie_link ON movie_reviews(movie_link)
CREATE TABLE IF NOT EXISTS user_movie_history (
      id INTEGER PRIMARY KEY AUTOINCREMENT,
      user_id INTEGER NOT NULL,
      movie_link TEXT NOT NULL,
      user_rating REAL DEFAULT NULL,
      notes TEXT DEFAULT NULL,
      notes_public INTEGER DEFAULT 0,
      is_watched INTEGER DEFAULT 0,
      updated_at DATETIME DEFAULT CURRENT_TIMESTAMP,
      UNIQUE(user_id, movie_link),
      FOREIGN KEY (user_id) REFERENCES users (id) ON DELETE CASCADE
    )
  
CREATE INDEX IF NOT EXISTS idx_history_movie_link ON user_movie_history(movie_link)
CREATE INDEX IF NOT EXISTS idx_history_user_link ON user_movie_history(user_id, movie_link)
CREATE TABLE IF NOT EXISTS scraped_movies_cache (
      id INTEGER PRIMARY KEY AUTOINCREMENT,
      title TEXT NOT NULL,
      original_title TEXT,
      year INTEGER,
      link TEXT UNIQUE,
      rating REAL,
      description TEXT,
      poster_url TEXT,
      genres TEXT,
      actors TEXT,
      director TEXT,
      writers TEXT,
      country TEXT,
      duration TEXT,
      voice_acting TEXT,
      type TEXT,
      updated_at DATETIME DEFAULT CURRENT_TIMESTAMP
    )
  
CREATE INDEX IF NOT EXISTS idx_scraped_cache_link ON scraped_movies_cache(link)
CREATE INDEX IF NOT EXISTS idx_scraped_cache_title ON scraped_movies_cache(title)
CREATE INDEX IF NOT EXISTS idx_scraped_cache_original_title ON scraped_movies_cache(original_title)
CREATE TABLE IF NOT EXISTS youtube_search_cache (
      query TEXT PRIMARY KEY,
      results_json TEXT NOT NULL,
      updated_at DATETIME DEFAULT CURRENT_TIMESTAMP
    )
  
CREATE TABLE IF NOT EXISTS hidden_global_movies (
      user_id INTEGER NOT NULL,
      movie_link TEXT NOT NULL,
      created_at DATETIME DEFAULT CURRENT_TIMESTAMP,
      PRIMARY KEY (user_id, movie_link),
      FOREIGN KEY (user_id) REFERENCES users (id) ON DELETE CASCADE
    )
  
CREATE INDEX IF NOT EXISTS idx_hidden_global_movies_user ON hidden_global_movies(user_id)
CREATE TABLE IF NOT EXISTS crawled_pages (
      id INTEGER PRIMARY KEY AUTOINCREMENT,
      category TEXT NOT NULL,
      page_number INTEGER NOT NULL,
      movies_found INTEGER DEFAULT 0,
      new_movies_added INTEGER DEFAULT 0,
      crawled_at DATETIME DEFAULT CURRENT_TIMESTAMP,
      UNIQUE(category, page_number)
    )
  
CREATE INDEX IF NOT EXISTS idx_crawled_pages_cat ON crawled_pages(category)
SELECT id FROM collections WHERE share_token IS NULL
🔄 Running database relation integrity checks...
PRAGMA foreign_keys = OFF;

      DELETE FROM movies 
      WHERE user_id IS NOT NULL 
        AND user_id NOT IN (SELECT id FROM users)
    

      DELETE FROM collections 
      WHERE user_id IS NOT NULL 
        AND user_id NOT IN (SELECT id FROM users)
    

      DELETE FROM collection_movies 
      WHERE collection_id NOT IN (SELECT id FROM collections)
         OR movie_id NOT IN (SELECT id FROM movies)
    

      DELETE FROM shared_collections 
      WHERE collection_id NOT IN (SELECT id FROM collections)
         OR sender_id NOT IN (SELECT id FROM users)
         OR recipient_id NOT IN (SELECT id FROM users)
    
PRAGMA foreign_keys = ON;
🟢 SQLite relation integrity verified & FOREIGN KEY constraints enabled.
DELETE FROM movies WHERE deleted_at IS NOT NULL AND deleted_at < '2026-04-26T14:26:58.370Z'
Server running on http://localhost:3000
